
> quraanschool@0.1.0 build
> next build

▲ Next.js 16.1.1 (Turbopack)
- Environments: .env.local

node.exe : ⚠ The 
"middleware" file 
convention is 
deprecated. Please 
use "proxy" instead. 
Learn more: https://n
extjs.org/docs/messag
es/middleware-to-prox
y
At C:\Program Files\n
odejs\npm.ps1:29 
char:3
+   & $NODE_EXE 
$NPM_CLI_JS $args
+   ~~~~~~~~~~~~~~~~~
~~~~~~~~~~~~
    + CategoryInfo   
           : 
NotSpecifi    ed: (⚠ 
The "middle    
wa...leware-to-pro   
 xy:String) [], Rem  
  oteException
    + 
FullyQualifiedEr    
rorId : NativeComm   
 andError
 
  Creating an optimized production build ...

> Build error 
occurred
Error: Turbopack 
build failed with 2 
errors:
./app/dashboard/manag
er/applications/page.
tsx:13:1
Module not found: 
Can't resolve '@/comp
onents/ui/badge'
[0m [90m 11 |[39m 
    [33mTableRow[39
m[33m,[39m
 [90m 12 |[39m } 
[36mfrom[39m [32m"
@/components/ui/table
"[39m[33m;[39m
[31m[1m>[22m[39m
[90m 13 |[39m 
[36mimport[39m { 
[33mBadge[39m } 
[36mfrom[39m [32m"
@/components/ui/badge
"[39m[33m;[39m
 [90m    |[39m [31
m[1m^[22m[39m[31m
[1m^[22m[39m[31m
[1m^[22m[39m[31m[
1m^[22m[39m[31m[1
m^[22m[39m[31m[1m
^[22m[39m[31m[1m^
[22m[39m[31m[1m^
[22m[39m[31m[1m^[
22m[39m[31m[1m^[2
2m[39m[31m[1m^[22
m[39m[31m[1m^[22m
[39m[31m[1m^[22m
[39m[31m[1m^[22m[
39m[31m[1m^[22m[3
9m[31m[1m^[22m[39
m[31m[1m^[22m[39m
[31m[1m^[22m[39m
[31m[1m^[22m[39m[
31m[1m^[22m[39m[3
1m[1m^[22m[39m[31
m[1m^[22m[39m[31m
[1m^[22m[39m[31m
[1m^[22m[39m[31m[
1m^[22m[39m[31m[1
m^[22m[39m[31m[1m
^[22m[39m[31m[1m^
[22m[39m[31m[1m^
[22m[39m[31m[1m^[
22m[39m[31m[1m^[2
2m[39m[31m[1m^[22
m[39m[31m[1m^[22m
[39m[31m[1m^[22m
[39m[31m[1m^[22m[
39m[31m[1m^[22m[3
9m[31m[1m^[22m[39
m[31m[1m^[22m[39m
[31m[1m^[22m[39m
[31m[1m^[22m[39m[
31m[1m^[22m[39m[3
1m[1m^[22m[39m[31
m[1m^[22m[39m[31m
[1m^[22m[39m[31m
[1m^[22m[39m[31m[
1m^[22m[39m
 [90m 14 |[39m 
[36mimport[39m { 
[33mButton[39m } 
[36mfrom[39m [32m"
@/components/ui/butto
n"[39m[33m;[39m
 [90m 15 |[39m 
[36mimport[39m { [
33mCard[39m[33m,[3
9m [33mCardContent[
39m[33m,[39m [33mC
ardHeader[39m[33m,
[39m [33mCardTitle[
39m[33m,[39m [33mC
ardDescription[39m 
} [36mfrom[39m [32
m"@/components/ui/car
d"[39m[33m;[39m
 [90m 16 |[39m 
[36mimport[39m { [
33mLoader2[39m[33m,
[39m [33mPhone[39m
[33m,[39m [33mMail
[39m[33m,[39m [33
mCheckCircle[39m[33
m,[39m 
[33mArchive[39m } 
[36mfrom[39m [32m"
lucide-react"[39m[3
3m;[39m[0m

Import map: aliased 
to relative './compon
ents/ui/badge' 
inside of [project]/


Import traces:
  Client Component 
Browser:
    ./app/dashboard/m
anager/applications/p
age.tsx [Client 
Component Browser]
    ./app/dashboard/m
anager/applications/p
age.tsx [Server 
Component]

  Client Component 
SSR:
    ./app/dashboard/m
anager/applications/p
age.tsx [Client 
Component SSR]
    ./app/dashboard/m
anager/applications/p
age.tsx [Server 
Component]

https://nextjs.org/do
cs/messages/module-no
t-found


./app/dashboard/manag
er/applications/page.
tsx:5:1
Module not found: 
Can't resolve '@/comp
onents/ui/table'
[0m [90m  3 |[39m 
[36mimport[39m { 
useQuery[33m,[39m 
useMutation } 
[36mfrom[39m [32m"
convex/react"[39m[3
3m;[39m
 [90m  4 |[39m 
[36mimport[39m { 
api } [36mfrom[39m 
[32m"@/convex/_gener
ated/api"[39m[33m;
[39m
[31m[1m>[22m[39m
[90m  5 |[39m 
[36mimport[39m {
 [90m    |[39m [31
m[1m^[22m[39m[31m
[1m^[22m[39m[31m
[1m^[22m[39m[31m[
1m^[22m[39m[31m[1
m^[22m[39m[31m[1m
^[22m[39m[31m[1m^
[22m[39m[31m[1m^
[22m[39m
[31m[1m>[22m[39m
[90m  6 |[39m     [
33mTable[39m[33m,[
39m
 [90m    |[39m [31
m[1m^[22m[39m[31m
[1m^[22m[39m[31m
[1m^[22m[39m[31m[
1m^[22m[39m[31m[1
m^[22m[39m[31m[1m
^[22m[39m[31m[1m^
[22m[39m[31m[1m^
[22m[39m[31m[1m^[
22m[39m[31m[1m^[2
2m[39m
[31m[1m>[22m[39m
[90m  7 |[39m     [
33mTableBody[39m[33
m,[39m
 [90m    |[39m [31
m[1m^[22m[39m[31m
[1m^[22m[39m[31m
[1m^[22m[39m[31m[
1m^[22m[39m[31m[1
m^[22m[39m[31m[1m
^[22m[39m[31m[1m^
[22m[39m[31m[1m^
[22m[39m[31m[1m^[
22m[39m[31m[1m^[2
2m[39m
[31m[1m>[22m[39m
[90m  8 |[39m     [
33mTableCell[39m[33
m,[39m
 [90m    |[39m [31
m[1m^[22m[39m[31m
[1m^[22m[39m[31m
[1m^[22m[39m[31m[
1m^[22m[39m[31m[1
m^[22m[39m[31m[1m
^[22m[39m[31m[1m^
[22m[39m[31m[1m^
[22m[39m[31m[1m^[
22m[39m[31m[1m^[2
2m[39m
[31m[1m>[22m[39m
[90m  9 |[39m     [
33mTableHead[39m[33
m,[39m
 [90m    |[39m [31
m[1m^[22m[39m[31m
[1m^[22m[39m[31m
[1m^[22m[39m[31m[
1m^[22m[39m[31m[1
m^[22m[39m[31m[1m
^[22m[39m[31m[1m^
[22m[39m[31m[1m^
[22m[39m[31m[1m^[
22m[39m[31m[1m^[2
2m[39m
[31m[1m>[22m[39m
[90m 10 |[39m     [
33mTableHeader[39m[
33m,[39m
 [90m    |[39m [31
m[1m^[22m[39m[31m
[1m^[22m[39m[31m
[1m^[22m[39m[31m[
1m^[22m[39m[31m[1
m^[22m[39m[31m[1m
^[22m[39m[31m[1m^
[22m[39m[31m[1m^
[22m[39m[31m[1m^[
22m[39m[31m[1m^[2
2m[39m
[31m[1m>[22m[39m
[90m 11 |[39m     [
33mTableRow[39m[33m
,[39m
 [90m    |[39m [31
m[1m^[22m[39m[31m
[1m^[22m[39m[31m
[1m^[22m[39m[31m[
1m^[22m[39m[31m[1
m^[22m[39m[31m[1m
^[22m[39m[31m[1m^
[22m[39m[31m[1m^
[22m[39m[31m[1m^[
22m[39m[31m[1m^[2
2m[39m
[31m[1m>[22m[39m
[90m 12 |[39m } 
[36mfrom[39m [32m"
@/components/ui/table
"[39m[33m;[39m
 [90m    |[39m [31
m[1m^[22m[39m[31m
[1m^[22m[39m[31m
[1m^[22m[39m[31m[
1m^[22m[39m[31m[1
m^[22m[39m[31m[1m
^[22m[39m[31m[1m^
[22m[39m[31m[1m^
[22m[39m[31m[1m^[
22m[39m[31m[1m^[2
2m[39m[31m[1m^[22
m[39m[31m[1m^[22m
[39m[31m[1m^[22m
[39m[31m[1m^[22m[
39m[31m[1m^[22m[3
9m[31m[1m^[22m[39
m[31m[1m^[22m[39m
[31m[1m^[22m[39m
[31m[1m^[22m[39m[
31m[1m^[22m[39m[3
1m[1m^[22m[39m[31
m[1m^[22m[39m[31m
[1m^[22m[39m[31m
[1m^[22m[39m[31m[
1m^[22m[39m[31m[1
m^[22m[39m[31m[1m
^[22m[39m[31m[1m^
[22m[39m[31m[1m^
[22m[39m[31m[1m^[
22m[39m[31m[1m^[2
2m[39m[31m[1m^[22
m[39m
 [90m 13 |[39m 
[36mimport[39m { 
[33mBadge[39m } 
[36mfrom[39m [32m"
@/components/ui/badge
"[39m[33m;[39m
 [90m 14 |[39m 
[36mimport[39m { 
[33mButton[39m } 
[36mfrom[39m [32m"
@/components/ui/butto
n"[39m[33m;[39m
 [90m 15 |[39m 
[36mimport[39m { [
33mCard[39m[33m,[3
9m [33mCardContent[
39m[33m,[39m [33mC
ardHeader[39m[33m,
[39m [33mCardTitle[
39m[33m,[39m [33mC
ardDescription[39m 
} [36mfrom[39m [32
m"@/components/ui/car
d"[39m[33m;[39m[0
m

Import map: aliased 
to relative './compon
ents/ui/table' 
inside of [project]/


Import traces:
  Client Component 
Browser:
    ./app/dashboard/m
anager/applications/p
age.tsx [Client 
Component Browser]
    ./app/dashboard/m
anager/applications/p
age.tsx [Server 
Component]

  Client Component 
SSR:
    ./app/dashboard/m
anager/applications/p
age.tsx [Client 
Component SSR]
    ./app/dashboard/m
anager/applications/p
age.tsx [Server 
Component]

https://nextjs.org/do
cs/messages/module-no
t-found


    at <unknown> (./a
pp/dashboard/manager/
applications/page.tsx
:13:1)
    at <unknown> (htt
ps://nextjs.org/docs/
messages/module-not-f
ound)
    at <unknown> (./a
pp/dashboard/manager/
applications/page.tsx
:5:1)
    at <unknown> (htt
ps://nextjs.org/docs/
messages/module-not-f
ound)
